[nkdev.info/con_/dashboard.html]
[backblue.gif]
[fade.gif]
[index.html]
[www.google-analytics.com/analytics.js]
[nkdev.info/con_/assets/_con/images/logo.png]
[nkdev.info/con_/assets/_con/images/user.jpg]
[nkdev.info/con_/page-profile.html]
[nkdev.info/con_/mail-inbox.html]
[nkdev.info/con_/page-sign-in.html]
[nkdev.info/con_/assets/_con/images/logo-white.png]
[nkdev.info/con_/dashboard-v1.html]
[nkdev.info/con_/widgets.html]
[nkdev.info/con_/layouts.html]
[nkdev.info/con_/css-alerts.html]
[nkdev.info/con_/css-badges.html]
[nkdev.info/con_/css-colors.html]
[nkdev.info/con_/css-grid.html]
[nkdev.info/con_/css-icons.html]
[nkdev.info/con_/css-shadow.html]
[nkdev.info/con_/css-typography.html]
[nkdev.info/con_/ui-buttons.html]
[nkdev.info/con_/ui-cards.html]
[nkdev.info/con_/ui-collapsible.html]
[nkdev.info/con_/ui-collections.html]
[nkdev.info/con_/ui-dropdown.html]
[nkdev.info/con_/ui-modals.html]
[nkdev.info/con_/ui-progress-bars.html]
[nkdev.info/con_/ui-tables.html]
[nkdev.info/con_/ui-tabs.html]
[nkdev.info/con_/ui-toasts.html]
[nkdev.info/con_/ui-tooltips.html]
[nkdev.info/con_/ui-waves.html]
[nkdev.info/con_/ui-search-bar.html]
[nkdev.info/con_/forms-base.html]
[nkdev.info/con_/forms-editors.html]
[nkdev.info/con_/forms-checkout.html]
[nkdev.info/con_/forms-contacts.html]
[nkdev.info/con_/forms-login.html]
[nkdev.info/con_/forms-register.html]
[nkdev.info/con_/page-forgot-password.html]
[nkdev.info/con_/page-lock.html]
[nkdev.info/con_/page-sign-up.html]
[nkdev.info/con_/page-404.html]
[nkdev.info/con_/page-500.html]
[nkdev.info/con_/page-blank.html]
[nkdev.info/con_/mail-compose.html]
[nkdev.info/con_/mail-view.html]
[nkdev.info/con_/ecommerce-dashboard.html]
[nkdev.info/con_/ecommerce-products.html]
[nkdev.info/con_/ecommerce-product-single.html]
[nkdev.info/con_/ecommerce-orders.html]
[nkdev.info/con_/ecommerce-order-single.html]
[nkdev.info/con_/ecommerce-customers.html]
[nkdev.info/con_/ecommerce-settings.html]
[nkdev.info/con_/ecommerce-invoice.html]
[nkdev.info/con_/charts-flot.html]
[nkdev.info/con_/charts-rickshaw.html]
[nkdev.info/con_/charts-sparkline.html]
[nkdev.info/con_/charts-nvd3.html]
[nkdev.info/con_/assets/_con/images/user2.jpg]
[nkdev.info/con_/assets/_con/images/user3.jpg]
[nkdev.info/con_/assets/_con/images/user4.jpg]
[nkdev.info/con_/assets/_con/images/user6.jpg]
[nkdev.info/con_/assets/_con/images/user5.jpg]
[nkdev.info/con_/assets/_con/images/user7.jpg]
[nkdev.info/con_/assets/_con/images/user8.jpg]
[nkdev.info/con_/assets/_con/images/user9.jpg]
[nkdev.info/con_/assets/_con/images/user10.jpg]
[nkdev.info/con_/assets/_con/images/user11.jpg]
[nkdev.info/con_/assets/_con/images/user12.jpg]
[nkdev.info/con_/assets/_con/js/_demo.js]
[nkdev.info/con_/assets/markitup/sets/default/set.js]
[nkdev.info/con_/dashboard.html]
[nkdev.info/con_/assets/markitup/skins/_con/style.css]
[fonts.googleapis.com/css4ec9.css]
[nkdev.info/con_/page-profile.html]
[nkdev.info/con_/mail-inbox.html]
[nkdev.info/con_/page-sign-in.html]
[nkdev.info/con_/dashboard-v1.html]
[nkdev.info/con_/widgets.html]
[nkdev.info/con_/layouts.html]
[nkdev.info/con_/css-alerts.html]
[nkdev.info/con_/css-badges.html]
[nkdev.info/con_/css-colors.html]
[nkdev.info/con_/css-grid.html]
[nkdev.info/con_/css-icons.html]
[nkdev.info/con_/css-shadow.html]
[nkdev.info/con_/css-typography.html]
[nkdev.info/con_/ui-buttons.html]
[nkdev.info/con_/ui-cards.html]
[nkdev.info/con_/ui-collapsible.html]
[nkdev.info/con_/ui-collections.html]
[nkdev.info/con_/assets/js/script.js]
[nkdev.info/con_/ui-dropdown.html]
[nkdev.info/con_/ui-modals.html]
[nkdev.info/con_/ui-progress-bars.html]
[nkdev.info/con_/ui-tables.html]
[nkdev.info/con_/ui-tabs.html]
[nkdev.info/con_/ui-toasts.html]
[nkdev.info/con_/ui-tooltips.html]
[nkdev.info/con_/ui-waves.html]
[nkdev.info/con_/ui-search-bar.html]
[nkdev.info/con_/forms-base.html]
[nkdev.info/con_/assets/ckeditor/ckeditor.js]
[nkdev.info/con_/ckeditor1.50.delayed]
[nkdev.info/con_/forms-editors.html]
[nkdev.info/con_/forms-checkout.html]
[nkdev.info/con_/forms-contacts.html]
[nkdev.info/con_/forms-login.html]
[nkdev.info/con_/forms-register.html]
[nkdev.info/con_/page-forgot-password.html]
[nkdev.info/con_/page-lock.html]
[nkdev.info/con_/page-sign-up.html]
[nkdev.info/con_/page-404.html]
[nkdev.info/con_/page-500.html]
[nkdev.info/con_/page-blank.html]
[nkdev.info/con_/assets/markitup/jquery.markitup.js]
[nkdev.info/con_/ckeditor-msg]
[nkdev.info/con_/mail-compose.html]
[nkdev.info/con_/mail-view.html]
[nkdev.info/con_/assets/_con/images/ecommerce-apple-iphone-30x30.jpg]
[nkdev.info/con_/assets/_con/images/ecommerce-apple-macbook-30x30.jpg]
[nkdev.info/con_/assets/_con/images/ecommerce-apple-watch-30x30.jpg]
[nkdev.info/con_/assets/_con/images/ecommerce-apple-imac-30x30.jpg]
[nkdev.info/con_/assets/flagIcons/in.png]
[nkdev.info/con_/assets/flagIcons/us.png]
[nkdev.info/con_/assets/flagIcons/br.png]
[nkdev.info/con_/assets/flagIcons/tr.png]
[nkdev.info/con_/assets/flagIcons/ru.png]
[nkdev.info/con_/assets/flagIcons/de.png]
[nkdev.info/con_/assets/flagIcons/fr.png]
[nkdev.info/con_/ecommerce-dashboard.html]
[nkdev.info/con_/assets/flagIcons/it.png]
[nkdev.info/con_/assets/_con/images/ecommerce-apple-mac-pro-30x30.jpg]
[nkdev.info/con_/assets/_con/images/ecommerce-apple-ipad-air-30x30.jpg]
[nkdev.info/con_/assets/_con/images/ecommerce-apple-iphone-5c-30x30.jpg]
[nkdev.info/con_/assets/_con/images/ecommerce-apple-ipod-30x30.jpg]
[nkdev.info/con_/ecommerce-products.html]
[nkdev.info/con_/assets/_con/images/ecommerce-apple-ipod-nano-2g-30x30.jpg]
[nkdev.info/con_/assets/_con/images/ecommerce-apple-iphone-1.jpg]
[nkdev.info/con_/assets/_con/images/ecommerce-apple-iphone-3.jpg]
[nkdev.info/con_/assets/_con/images/ecommerce-apple-iphone-6.jpg]
[nkdev.info/con_/ecommerce-product-single.html]
[nkdev.info/con_/assets/_con/images/user2-30x30.jpg]
[nkdev.info/con_/assets/_con/images/ecommerce-apple-iphone-2.jpg]
[nkdev.info/con_/assets/_con/images/user3-30x30.jpg]
[nkdev.info/con_/assets/_con/images/ecommerce-apple-iphone-4.jpg]
[nkdev.info/con_/assets/_con/images/user4-30x30.jpg]
[nkdev.info/con_/assets/_con/images/user5-30x30.jpg]
[nkdev.info/con_/assets/_con/images/user6-30x30.jpg]
[nkdev.info/con_/assets/_con/images/user7-30x30.jpg]
[nkdev.info/con_/assets/_con/images/user8-30x30.jpg]
[nkdev.info/con_/assets/_con/images/user9-30x30.jpg]
[nkdev.info/con_/assets/_con/images/ecommerce-apple-iphone-7.jpg]
[nkdev.info/con_/assets/_con/images/user10-30x30.jpg]
[nkdev.info/con_/ecommerce-orders.html]
[nkdev.info/con_/assets/_con/images/user11-30x30.jpg]
[nkdev.info/con_/assets/_con/images/paypal.png]
[nkdev.info/con_/assets/_con/images/ecommerce-apple-iphone-70x70.jpg]
[nkdev.info/con_/assets/_con/images/ecommerce-apple-macbook-70x70.jpg]
[nkdev.info/con_/ecommerce-order-single.html]
[nkdev.info/con_/ecommerce-customers.html]
[nkdev.info/con_/ecommerce-settings.html]
[nkdev.info/con_/ecommerce-invoice.html]
[nkdev.info/con_/charts-flot.html]
[nkdev.info/con_/charts-rickshaw.html]
[nkdev.info/con_/charts-sparkline.html]
[nkdev.info/con_/charts-nvd3.html]
[nkdev.info/con_/ckeditor1.html]
[nkdev.info/con_/ckeditor-msg.html]
[nkdev.info/con_/assets/_con/images/ecommerce-apple-watch-70x70.jpg]
[nkdev.info/con_/css-color.html]
[nkdev.info/con_/css-color.html]
[nkdev.info/con_/_]
[nkdev.info/con_/_]
[nkdev.info/con_/ui-dropwdown.html]
[nkdev.info/con_/ui-dropwdown.html]
[nkdev.info/con_/assets/_con/images/user.jpg]
[nkdev.info/con_/assets/_con/images/logo-white.png]
[nkdev.info/con_/assets/_con/images/logo.png]
[nkdev.info/con_/page-profile.html]
[nkdev.info/con_/assets/_con/images/user2.jpg]
[nkdev.info/con_/assets/_con/images/user3.jpg]
[nkdev.info/con_/assets/_con/images/user4.jpg]
[nkdev.info/con_/dashboard-v1.html]
[nkdev.info/con_/assets/_con/images/user6.jpg]
[nkdev.info/con_/assets/_con/images/user5.jpg]
[nkdev.info/con_/assets/_con/images/user7.jpg]
[nkdev.info/con_/assets/_con/js/_demo.js]
[nkdev.info/con_/assets/_con/images/ecommerce-apple-watch-30x30.jpg]
[nkdev.info/con_/assets/_con/images/ecommerce-apple-macbook-30x30.jpg]
[nkdev.info/con_/assets/_con/css/_con.min.css]
[nkdev.info/con_/assets/_con/images/ecommerce-apple-imac-30x30.jpg]
[nkdev.info/con_/assets/flagIcons/in.png]
[nkdev.info/con_/assets/flagIcons/us.png]
[nkdev.info/con_/assets/_con/images/ecommerce-apple-iphone-30x30.jpg]
[nkdev.info/con_/assets/flagIcons/br.png]
[nkdev.info/con_/picker.js]
[nkdev.info/con_/assets/flagIcons/tr.png]
[nkdev.info/con_/assets/flagIcons/ru.png]
[nkdev.info/con_/assets/flagIcons/de.png]
[nkdev.info/con_/assets/flagIcons/fr.png]
[nkdev.info/con_/assets/flagIcons/it.png]
[nkdev.info/con_/assets/_con/images/ecommerce-apple-mac-pro-30x30.jpg]
[s.yimg.com/os/mit/media/m/weather/images/icons/l/44d-100567.png]
[nkdev.info/con_/assets/_con/images/ecommerce-apple-ipad-air-30x30.jpg]
[nkdev.info/con_/assets/js/script.js]
[nkdev.info/con_/assets/_con/images/ecommerce-apple-iphone-5c-30x30.jpg]
[nkdev.info/con_/assets/markitup/sets/default/set.js]
[nkdev.info/con_/assets/_con/images/ecommerce-apple-ipod-nano-2g-30x30.jpg]
[nkdev.info/con_/assets/markitup/skins/_con/images/handle.7e.delayed]
[nkdev.info/con_/assets/markitup/skins/_con/images/menu.png]
[nkdev.info/con_/assets/markitup/skins/_con/style.css]
[nkdev.info/con_/assets/_con/images/ecommerce-apple-iphone-3.jpg]
[nkdev.info/con_/assets/_con/images/ecommerce-apple-iphone-6.jpg]
[nkdev.info/con_/assets/markitup/sets/default/images/italic.png]
[nkdev.info/con_/assets/_con/images/user3-30x30.jpg]
[nkdev.info/con_/assets/markitup/sets/default/images/list-bullet.png]
[nkdev.info/con_/assets/_con/images/user4-30x30.jpg]
[nkdev.info/con_/assets/_con/images/ecommerce-apple-iphone-4.jpg]
[nkdev.info/con_/assets/markitup/sets/default/images/list-numeric.png]
[nkdev.info/con_/assets/_con/images/user7-30x30.jpg]
[nkdev.info/con_/assets/_con/images/user6-30x30.jpg]
[nkdev.info/con_/assets/_con/images/user5-30x30.jpg]
[nkdev.info/con_/assets/markitup/sets/default/images/picture.png]
[nkdev.info/con_/assets/_con/images/user8-30x30.jpg]
[nkdev.info/con_/assets/markitup/sets/default/images/link.png]
[nkdev.info/con_/assets/_con/images/ecommerce-apple-iphone-7.jpg]
[nkdev.info/con_/assets/_con/images/user9-30x30.jpg]
[nkdev.info/con_/assets/markitup/sets/default/images/clean.png]
[nkdev.info/con_/assets/markitup/sets/default/style.css]
[nkdev.info/con_/assets/markitup/sets/default/images/preview.png]
[nkdev.info/con_/assets/_con/images/user11-30x30.jpg]
[nkdev.info/con_/assets/_con/images/paypal.png]
[nkdev.info/con_/assets/_con/images/ecommerce-apple-iphone-70x70.jpg]
[nkdev.info/con_/assets/_con/images/ecommerce-apple-macbook-70x70.jpg]
[nkdev.info/con_/assets/_con/images/ecommerce-apple-watch-70x70.jpg]
[nkdev.info/con_/assets/_con/images/icon.png]
[nkdev.info/con_/styles.js]
[nkdev.info/con_/assets/markitup/sets/default/images/italic.png]
[nkdev.info/con_/assets/css/style.css]
[nkdev.info/con_/assets/markitup/skins/_con/images/menu.png]
[nkdev.info/con_/assets/markitup/sets/default/images/list-bullet.png]
[nkdev.info/con_/assets/markitup/sets/default/images/picture.png]
[nkdev.info/con_/assets/markitup/sets/default/images/link.png]
[nkdev.info/con_/assets/markitup/sets/default/images/clean.png]
[nkdev.info/con_/assets/markitup/sets/default/images/preview.png]
[nkdev.info/con_/contents.css]
[nkdev.info/con_/assets/ckeditor/ckeditor.js]
[nkdev.info/con_/assets/markitup/jquery.markitup.js]
[nkdev.info/con_/assets/_con/images/ecommerce-apple-iphone-5.jpg]
[nkdev.info/con_/assets/_con/images/user-30x30.jpg]
[nkdev.info/con_/css-color.html]
[nkdev.info/con_/assets/_con/images/user12-30x30.jpg]
[nkdev.info/con_/trident/index.html]
[nkdev.info/con_/assets/fonts/fontawesome-webfonte0a5.eot]
[nkdev.info/con_/applewebkit/index.html]
[nkdev.info/con_/adobeair/index.html]
[nkdev.info/con_/assets/font/Material-Design-Iconsd41d.eot]
[nkdev.info/con_/assets/font/Material-Design-Icons0ae1.woff]
[nkdev.info/con_/assets/font/Material-Design-Icons0ae1.ttf]
[nkdev.info/con_/assets/fonts/fontawesome-webfonte0a5.woff2]
[nkdev.info/con_/assets/fonts/ionicons28b5.eot]
[nkdev.info/con_/assets/fonts/ionicons28b5.ttf]
[nkdev.info/con_/assets/fonts/ionicons.9928b5.delayed]
[nkdev.info/con_/assets/font/weathericons-regular-webfont.eot]
[nkdev.info/con_/assets/font/Material-Design-Iconsd41d.eot]
[nkdev.info/con_/assets/font/weathericons-regular-webfont.ttf]
[nkdev.info/con_/assets/css/style.css]
[nkdev.info/con_/assets/_con/css/_con.min.css]
[nkdev.info/con_/picker.html]
[nkdev.info/con_/assets/font/weathericons-regular-webfontd41d.eot]
[nkdev.info/con_/assets/font/Material-Design-Icons0ae1.ttf]
[nkdev.info/con_/assets/markitup/sets/default/images/bold.png]
[nkdev.info/con_/assets/markitup/sets/default/images/stroke.png]
[nkdev.info/con_/trident/index.html]
[nkdev.info/con_/applewebkit/index.html]
[nkdev.info/con_/adobeair/index.html]
[nkdev.info/con_/assets/fonts/ionicons28b5.eot]
[nkdev.info/con_/styles.html]
[nkdev.info/con_/contents.html]
[nkdev.info/con_/assets/fonts/fontawesome-webfonte0a5.woff]
[nkdev.info/con_/assets/fonts/fontawesome-webfonte0a5.ttf]
[nkdev.info/con_/assets/font/weathericons-regular-webfont.eot]
[nkdev.info/con_/assets/fonts/fontawesome-webfonte0a5.svg]
[nkdev.info/con_/assets/font/weathericons-regular-webfont.ttf]
[nkdev.info/con_/assets/font/Material-Design-Icons0ae1.svg]
[nkdev.info/con_/assets/fonts/ionicons28b5.svg]
[nkdev.info/con_/assets/markitup/skins/_con/images/submenu.png]
[nkdev.info/con_/plugins/index.html]
[nkdev.info/con_/plugins/index.html]
[nkdev.info/con_/assets/fonts/fontawesome-webfontd41d.eot]
[nkdev.info/con_/assets/font/weathericons-regular-webfont.svg]
[nkdev.info/con_/assets/font/Material-Design-Icons0ae1.eot]
[nkdev.info/con_/assets/font/weathericons-regular-webfont.woff]
